YES
9896102
YES
7050077
YES
6717350
YES
5420805
YES
1043256
YES
4720128
YES
7278957
YES
4422742
YES
4862549
