YES
5766050
YES
1678112
YES
3423601
YES
2404365
YES
8271783
YES
7867041
YES
7002269
YES
8828446
YES
1429771
YES
8717579
