6267556681
7330162247
6069495259
7342192148
6350758181
