3279218732
4578428347
4317824322
5260047192
4754720884
