YES
6489427
YES
7467269
YES
4734581
YES
1406382
YES
1442174
YES
6596519
YES
3904762
