YES
3019234
YES
7823277
YES
4587015
YES
2359022
YES
8763141
YES
1717042
