YES
5341315
YES
8434393
YES
5594358
YES
6719850
YES
7264142
YES
5026738
YES
3820699
YES
116158
