558 1371 1749 1788 2117 3099 3109 3197 3426 4431 4549 5921 6082 6562 7626 8634 8704 9142 9234 9514 